sudo docker exec -it todo-backend-redis-1 redis-cli

127.0.0.1:6379> KEYS *
(empty array)

127.0.0.1:6379> GET (empty array)
(error) ERR wrong number of arguments for 'get' command

127.0.0.1:6379> GET key
(nil)

127.0.0.1:6379> SET added_todos 9001
OK

127.0.0.1:6379> KEYS *
1) "added_todos"

127.0.0.1:6379> GET "added_todos"
"9002"

127.0.0.1:6379> DEL "added_todos"
(integer) 1